2026-04-19 11:29:09,593 INFO writing results\\fea_procedure_smoke\model_3\pv_adv_png\adv_displacement_000000.png
2026-04-19 11:29:09,946 ERROR failure
Traceback (most recent call last):
  File "D:\ParaView-6.1.0-RC1-Windows-Python3.12-msvc2017-AMD64\bin\lib\site-packages\paraview\servermanager.py", line 3605, in GetAssociationFromString
    return ASSOCIATIONS[val]
           ~~~~~~~~~~~~^^^^^
KeyError: 'NONE'

During handling of the above exception, another exception occurred:

Traceback (most recent call last):
  File "D:\ParaView-6.1.0-RC1-Windows-Python3.12-msvc2017-AMD64\bin\lib\site-packages\paraview\servermanager.py", line 3608, in GetAssociationFromString
    return _LEGACY_ASSOCIATIONS[val]
           ~~~~~~~~~~~~~~~~~~~~^^^^^
KeyError: 'NONE'

During handling of the above exception, another exception occurred:

Traceback (most recent call last):
  File "D:\mfree_iwf_ul_cut_refine_windows_ver\scripts\paraview_batch_advancement.py", line 195, in main
    pv["ColorBy"](wp_disp, None)
  File "D:\ParaView-6.1.0-RC1-Windows-Python3.12-msvc2017-AMD64\bin\lib\site-packages\paraview\simple\rendering.py", line 250, in ColorBy
    rep.ColorBy(value, separate)
  File "D:\ParaView-6.1.0-RC1-Windows-Python3.12-msvc2017-AMD64\bin\lib\site-packages\paraview\servermanager.py", line 827, in ColorBy
    self.SetScalarColoring(None, GetAssociationFromString(association))
                                 ^^^^^^^^^^^^^^^^^^^^^^^^^^^^^^^^^^^^^
  File "D:\ParaView-6.1.0-RC1-Windows-Python3.12-msvc2017-AMD64\bin\lib\site-packages\paraview\servermanager.py", line 3610, in GetAssociationFromString
    raise RuntimeError("invalid association string '%s'" % val)
RuntimeError: invalid association string 'NONE'
